<a href="mailto:test@cauri.cm" title="Title">Label</a>